
**** Build of configuration Debug for project space_invaders_1 ****

make all 
Building file: ../src/draw.c
Invoking: MicroBlaze gcc compiler
mb-gcc -Wall -O0 -g3 -c -fmessage-length=0 -I../../space_invaders_bsp_1/microblaze_0/include -mlittle-endian -mxl-barrel-shift -mxl-pattern-compare -mcpu=v8.20.b -mno-xl-soft-mul -MMD -MP -MF"src/draw.d" -MT"src/draw.d" -o"src/draw.o" "../src/draw.c"
Finished building: ../src/draw.c
' '
Building target: space_invaders_1.elf
Invoking: MicroBlaze gcc linker
mb-gcc -Wl,-T -Wl,../src/lscript.ld -L../../space_invaders_bsp_1/microblaze_0/lib -mlittle-endian -mxl-barrel-shift -mxl-pattern-compare -mcpu=v8.20.b -mno-xl-soft-mul -o"space_invaders_1.elf"  ./src/draw.o ./src/main_space_invaders.o ./src/platform.o   -Wl,--start-group,-lxil,-lgcc,-lc,--end-group
Finished building target: space_invaders_1.elf
' '
Invoking: MicroBlaze Print Size
mb-size space_invaders_1.elf  |tee "space_invaders_1.elf.size"
   text	   data	    bss	    dec	    hex	filename
  14706	    384	   5182	  20272	   4f30	space_invaders_1.elf
Finished building: space_invaders_1.elf.size
' '
Invoking: Xilinx ELF Check
elfcheck space_invaders_1.elf -hw ../../SpaceInvadersHW_hw_platform/system.xml -pe microblaze_0  |tee "space_invaders_1.elf.elfcheck"
elfcheck
Xilinx EDK 13.4 Build EDK_O.87xd
Copyright (c) 1995-2011 Xilinx, Inc.  All rights reserved.

Command Line: elfcheck -hw ../../SpaceInvadersHW_hw_platform/system.xml -pe
microblaze_0 space_invaders_1.elf 

ELF file	: space_invaders_1.elf
elfcheck passed.
Finished building: space_invaders_1.elf.elfcheck
' '
